2026-10-03 04:37:23,690 INFO sentence_transformers.SentenceTransformer Use pytorch device_name: cpu
2026-10-03 04:37:23,693 INFO sentence_transformers.SentenceTransformer Load pretrained SentenceTransformer: sentence-transformers/all-MiniLM-L6-v2
2026-10-03 04:37:27,592 INFO reelmind.api embedding model ready: sentence-transformers/all-MiniLM-L6-v2 (384-dim)
2026-10-03 04:37:30,228 INFO httpx HTTP Request: POST http://localhost:6333/collections/reelmind_minilm384_v1/points/query "HTTP/1.1 200 OK"
2026-10-03 04:37:30,583 INFO httpx HTTP Request: GET http://localhost:6333 "HTTP/1.1 200 OK"
2026-10-03 04:37:32,469 INFO httpx HTTP Request: POST http://localhost:6333/collections/reelmind_minilm384_v1/points/query "HTTP/1.1 200 OK"
2026-10-03 04:58:42,634 INFO httpx HTTP Request: POST http://localhost:6333/collections/reelmind_minilm384_v1/points/count "HTTP/1.1 200 OK"
2026-10-03 04:58:44,697 INFO httpx HTTP Request: POST http://localhost:6333/collections/reelmind_minilm384_v1/points/scroll "HTTP/1.1 200 OK"
2026-10-03 04:58:46,991 INFO httpx HTTP Request: POST http://localhost:6333/collections/reelmind_minilm384_v1/points/scroll "HTTP/1.1 200 OK"
2026-10-03 04:58:49,257 INFO httpx HTTP Request: POST http://localhost:6333/collections/reelmind_minilm384_v1/points/scroll "HTTP/1.1 200 OK"
2026-10-03 04:58:51,540 INFO httpx HTTP Request: POST http://localhost:6333/collections/reelmind_minilm384_v1/points/scroll "HTTP/1.1 200 OK"
2026-10-03 04:58:53,816 INFO httpx HTTP Request: POST http://localhost:6333/collections/reelmind_minilm384_v1/points/scroll "HTTP/1.1 200 OK"
2026-10-03 04:58:56,113 INFO httpx HTTP Request: POST http://localhost:6333/collections/reelmind_minilm384_v1/points/scroll "HTTP/1.1 200 OK"
2026-10-03 04:58:58,414 INFO httpx HTTP Request: POST http://localhost:6333/collections/reelmind_minilm384_v1/points/scroll "HTTP/1.1 200 OK"
2026-10-03 04:59:00,658 INFO httpx HTTP Request: POST http://localhost:6333/collections/reelmind_minilm384_v1/points/scroll "HTTP/1.1 200 OK"
2026-10-03 04:59:02,912 INFO httpx HTTP Request: POST http://localhost:6333/collections/reelmind_minilm384_v1/points/scroll "HTTP/1.1 200 OK"
2026-10-03 04:59:05,165 INFO httpx HTTP Request: POST http://localhost:6333/collections/reelmind_minilm384_v1/points/scroll "HTTP/1.1 200 OK"
2026-10-03 04:59:07,426 INFO httpx HTTP Request: POST http://localhost:6333/collections/reelmind_minilm384_v1/points/scroll "HTTP/1.1 200 OK"
2026-10-03 04:59:09,718 INFO httpx HTTP Request: POST http://localhost:6333/collections/reelmind_minilm384_v1/points/scroll "HTTP/1.1 200 OK"
2026-10-03 04:59:11,970 INFO httpx HTTP Request: POST http://localhost:6333/collections/reelmind_minilm384_v1/points/scroll "HTTP/1.1 200 OK"
2026-10-03 04:59:14,231 INFO httpx HTTP Request: POST http://localhost:6333/collections/reelmind_minilm384_v1/points/scroll "HTTP/1.1 200 OK"
2026-10-03 04:59:16,510 INFO httpx HTTP Request: POST http://localhost:6333/collections/reelmind_minilm384_v1/points/scroll "HTTP/1.1 200 OK"
2026-10-03 04:59:18,783 INFO httpx HTTP Request: POST http://localhost:6333/collections/reelmind_minilm384_v1/points/scroll "HTTP/1.1 200 OK"
2026-10-03 04:59:21,088 INFO httpx HTTP Request: POST http://localhost:6333/collections/reelmind_minilm384_v1/points/scroll "HTTP/1.1 200 OK"
2026-10-03 04:59:23,359 INFO httpx HTTP Request: POST http://localhost:6333/collections/reelmind_minilm384_v1/points/scroll "HTTP/1.1 200 OK"
2026-10-03 04:59:25,643 INFO httpx HTTP Request: POST http://localhost:6333/collections/reelmind_minilm384_v1/points/scroll "HTTP/1.1 200 OK"
2026-10-03 04:59:27,970 INFO httpx HTTP Request: POST http://localhost:6333/collections/reelmind_minilm384_v1/points/scroll "HTTP/1.1 200 OK"
2026-10-03 04:59:30,254 INFO httpx HTTP Request: POST http://localhost:6333/collections/reelmind_minilm384_v1/points/scroll "HTTP/1.1 200 OK"
2026-10-03 04:59:32,559 INFO httpx HTTP Request: POST http://localhost:6333/collections/reelmind_minilm384_v1/points/scroll "HTTP/1.1 200 OK"
2026-10-03 04:59:34,817 INFO httpx HTTP Request: POST http://localhost:6333/collections/reelmind_minilm384_v1/points/scroll "HTTP/1.1 200 OK"
2026-10-03 04:59:37,170 INFO httpx HTTP Request: POST http://localhost:6333/collections/reelmind_minilm384_v1/points/scroll "HTTP/1.1 200 OK"
2026-10-03 04:59:39,467 INFO httpx HTTP Request: POST http://localhost:6333/collections/reelmind_minilm384_v1/points/scroll "HTTP/1.1 200 OK"
2026-10-03 04:59:41,759 INFO httpx HTTP Request: POST http://localhost:6333/collections/reelmind_minilm384_v1/points/scroll "HTTP/1.1 200 OK"
2026-10-03 04:59:44,045 INFO httpx HTTP Request: POST http://localhost:6333/collections/reelmind_minilm384_v1/points/scroll "HTTP/1.1 200 OK"
2026-10-03 04:59:46,334 INFO httpx HTTP Request: POST http://localhost:6333/collections/reelmind_minilm384_v1/points/scroll "HTTP/1.1 200 OK"
2026-10-03 04:59:48,592 INFO httpx HTTP Request: POST http://localhost:6333/collections/reelmind_minilm384_v1/points/scroll "HTTP/1.1 200 OK"
2026-10-03 04:59:50,884 INFO httpx HTTP Request: POST http://localhost:6333/collections/reelmind_minilm384_v1/points/scroll "HTTP/1.1 200 OK"
2026-10-03 04:59:53,182 INFO httpx HTTP Request: POST http://localhost:6333/collections/reelmind_minilm384_v1/points/scroll "HTTP/1.1 200 OK"
2026-10-03 04:59:55,465 INFO httpx HTTP Request: POST http://localhost:6333/collections/reelmind_minilm384_v1/points/scroll "HTTP/1.1 200 OK"
2026-10-03 04:59:57,759 INFO httpx HTTP Request: POST http://localhost:6333/collections/reelmind_minilm384_v1/points/scroll "HTTP/1.1 200 OK"
2026-10-03 05:00:00,021 INFO httpx HTTP Request: POST http://localhost:6333/collections/reelmind_minilm384_v1/points/scroll "HTTP/1.1 200 OK"
2026-10-03 05:00:02,316 INFO httpx HTTP Request: POST http://localhost:6333/collections/reelmind_minilm384_v1/points/scroll "HTTP/1.1 200 OK"
2026-10-03 05:00:04,590 INFO httpx HTTP Request: POST http://localhost:6333/collections/reelmind_minilm384_v1/points/scroll "HTTP/1.1 200 OK"
2026-10-03 05:00:06,895 INFO httpx HTTP Request: POST http://localhost:6333/collections/reelmind_minilm384_v1/points/scroll "HTTP/1.1 200 OK"
2026-10-03 05:00:09,185 INFO httpx HTTP Request: POST http://localhost:6333/collections/reelmind_minilm384_v1/points/scroll "HTTP/1.1 200 OK"
2026-10-03 05:00:11,472 INFO httpx HTTP Request: POST http://localhost:6333/collections/reelmind_minilm384_v1/points/scroll "HTTP/1.1 200 OK"
2026-10-03 05:00:13,741 INFO httpx HTTP Request: POST http://localhost:6333/collections/reelmind_minilm384_v1/points/scroll "HTTP/1.1 200 OK"
2026-10-03 05:00:15,999 INFO httpx HTTP Request: POST http://localhost:6333/collections/reelmind_minilm384_v1/points/scroll "HTTP/1.1 200 OK"
2026-10-03 05:00:18,318 INFO httpx HTTP Request: POST http://localhost:6333/collections/reelmind_minilm384_v1/points/scroll "HTTP/1.1 200 OK"
2026-10-03 05:00:20,582 INFO httpx HTTP Request: POST http://localhost:6333/collections/reelmind_minilm384_v1/points/scroll "HTTP/1.1 200 OK"
2026-10-03 05:00:22,863 INFO httpx HTTP Request: POST http://localhost:6333/collections/reelmind_minilm384_v1/points/scroll "HTTP/1.1 200 OK"
2026-10-03 05:00:25,163 INFO httpx HTTP Request: POST http://localhost:6333/collections/reelmind_minilm384_v1/points/scroll "HTTP/1.1 200 OK"
2026-10-03 05:00:27,517 INFO httpx HTTP Request: POST http://localhost:6333/collections/reelmind_minilm384_v1/points/scroll "HTTP/1.1 200 OK"
2026-10-03 05:00:29,823 INFO httpx HTTP Request: POST http://localhost:6333/collections/reelmind_minilm384_v1/points/scroll "HTTP/1.1 200 OK"
2026-10-03 05:00:32,116 INFO httpx HTTP Request: POST http://localhost:6333/collections/reelmind_minilm384_v1/points/scroll "HTTP/1.1 200 OK"
2026-10-03 05:00:34,397 INFO httpx HTTP Request: POST http://localhost:6333/collections/reelmind_minilm384_v1/points/scroll "HTTP/1.1 200 OK"
2026-10-03 05:00:36,696 INFO httpx HTTP Request: POST http://localhost:6333/collections/reelmind_minilm384_v1/points/scroll "HTTP/1.1 200 OK"
2026-10-03 05:00:38,991 INFO httpx HTTP Request: POST http://localhost:6333/collections/reelmind_minilm384_v1/points/scroll "HTTP/1.1 200 OK"
2026-10-03 05:00:41,285 INFO httpx HTTP Request: POST http://localhost:6333/collections/reelmind_minilm384_v1/points/scroll "HTTP/1.1 200 OK"
2026-10-03 05:00:43,599 INFO httpx HTTP Request: POST http://localhost:6333/collections/reelmind_minilm384_v1/points/scroll "HTTP/1.1 200 OK"
2026-10-03 05:00:45,914 INFO httpx HTTP Request: POST http://localhost:6333/collections/reelmind_minilm384_v1/points/scroll "HTTP/1.1 200 OK"
2026-10-03 05:00:48,234 INFO httpx HTTP Request: POST http://localhost:6333/collections/reelmind_minilm384_v1/points/scroll "HTTP/1.1 200 OK"
2026-10-03 05:00:50,507 INFO httpx HTTP Request: POST http://localhost:6333/collections/reelmind_minilm384_v1/points/scroll "HTTP/1.1 200 OK"
2026-10-03 05:00:52,802 INFO httpx HTTP Request: POST http://localhost:6333/collections/reelmind_minilm384_v1/points/scroll "HTTP/1.1 200 OK"
2026-10-03 05:00:55,101 INFO httpx HTTP Request: POST http://localhost:6333/collections/reelmind_minilm384_v1/points/scroll "HTTP/1.1 200 OK"
2026-10-03 05:00:57,412 INFO httpx HTTP Request: POST http://localhost:6333/collections/reelmind_minilm384_v1/points/scroll "HTTP/1.1 200 OK"
2026-10-03 05:00:59,702 INFO httpx HTTP Request: POST http://localhost:6333/collections/reelmind_minilm384_v1/points/scroll "HTTP/1.1 200 OK"
2026-10-03 05:01:01,998 INFO httpx HTTP Request: POST http://localhost:6333/collections/reelmind_minilm384_v1/points/scroll "HTTP/1.1 200 OK"
2026-10-03 05:01:04,242 INFO httpx HTTP Request: POST http://localhost:6333/collections/reelmind_minilm384_v1/points/scroll "HTTP/1.1 200 OK"
2026-10-03 05:01:06,518 INFO httpx HTTP Request: POST http://localhost:6333/collections/reelmind_minilm384_v1/points/scroll "HTTP/1.1 200 OK"
2026-10-03 05:01:08,841 INFO httpx HTTP Request: POST http://localhost:6333/collections/reelmind_minilm384_v1/points/scroll "HTTP/1.1 200 OK"
2026-10-03 05:01:11,151 INFO httpx HTTP Request: POST http://localhost:6333/collections/reelmind_minilm384_v1/points/scroll "HTTP/1.1 200 OK"
2026-10-03 05:01:13,466 INFO httpx HTTP Request: POST http://localhost:6333/collections/reelmind_minilm384_v1/points/scroll "HTTP/1.1 200 OK"
2026-10-03 05:01:15,763 INFO httpx HTTP Request: POST http://localhost:6333/collections/reelmind_minilm384_v1/points/scroll "HTTP/1.1 200 OK"
2026-10-03 05:01:18,036 INFO httpx HTTP Request: POST http://localhost:6333/collections/reelmind_minilm384_v1/points/scroll "HTTP/1.1 200 OK"
2026-10-03 05:01:20,292 INFO httpx HTTP Request: POST http://localhost:6333/collections/reelmind_minilm384_v1/points/scroll "HTTP/1.1 200 OK"
2026-10-03 05:01:22,593 INFO httpx HTTP Request: POST http://localhost:6333/collections/reelmind_minilm384_v1/points/scroll "HTTP/1.1 200 OK"
2026-10-03 05:01:24,906 INFO httpx HTTP Request: POST http://localhost:6333/collections/reelmind_minilm384_v1/points/scroll "HTTP/1.1 200 OK"
2026-10-03 05:01:27,211 INFO httpx HTTP Request: POST http://localhost:6333/collections/reelmind_minilm384_v1/points/scroll "HTTP/1.1 200 OK"
2026-10-03 05:01:29,514 INFO httpx HTTP Request: POST http://localhost:6333/collections/reelmind_minilm384_v1/points/scroll "HTTP/1.1 200 OK"
2026-10-03 05:01:31,797 INFO httpx HTTP Request: POST http://localhost:6333/collections/reelmind_minilm384_v1/points/scroll "HTTP/1.1 200 OK"
2026-10-03 05:01:34,076 INFO httpx HTTP Request: POST http://localhost:6333/collections/reelmind_minilm384_v1/points/scroll "HTTP/1.1 200 OK"
2026-10-03 05:01:36,371 INFO httpx HTTP Request: POST http://localhost:6333/collections/reelmind_minilm384_v1/points/scroll "HTTP/1.1 200 OK"
2026-10-03 05:01:38,681 INFO httpx HTTP Request: POST http://localhost:6333/collections/reelmind_minilm384_v1/points/scroll "HTTP/1.1 200 OK"
2026-10-03 05:01:40,965 INFO httpx HTTP Request: POST http://localhost:6333/collections/reelmind_minilm384_v1/points/scroll "HTTP/1.1 200 OK"
2026-10-03 05:01:43,280 INFO httpx HTTP Request: POST http://localhost:6333/collections/reelmind_minilm384_v1/points/scroll "HTTP/1.1 200 OK"
2026-10-03 05:01:45,586 INFO httpx HTTP Request: POST http://localhost:6333/collections/reelmind_minilm384_v1/points/scroll "HTTP/1.1 200 OK"
2026-10-03 05:01:47,826 INFO httpx HTTP Request: POST http://localhost:6333/collections/reelmind_minilm384_v1/points/scroll "HTTP/1.1 200 OK"
2026-10-03 05:01:50,093 INFO httpx HTTP Request: POST http://localhost:6333/collections/reelmind_minilm384_v1/points/scroll "HTTP/1.1 200 OK"
2026-10-03 05:01:52,384 INFO httpx HTTP Request: POST http://localhost:6333/collections/reelmind_minilm384_v1/points/scroll "HTTP/1.1 200 OK"
2026-10-03 05:01:54,660 INFO httpx HTTP Request: POST http://localhost:6333/collections/reelmind_minilm384_v1/points/scroll "HTTP/1.1 200 OK"
2026-10-03 05:01:56,937 INFO httpx HTTP Request: POST http://localhost:6333/collections/reelmind_minilm384_v1/points/scroll "HTTP/1.1 200 OK"
2026-10-03 05:01:59,197 INFO httpx HTTP Request: POST http://localhost:6333/collections/reelmind_minilm384_v1/points/scroll "HTTP/1.1 200 OK"
2026-10-03 05:02:01,520 INFO httpx HTTP Request: POST http://localhost:6333/collections/reelmind_minilm384_v1/points/scroll "HTTP/1.1 200 OK"
2026-10-03 05:02:03,808 INFO httpx HTTP Request: POST http://localhost:6333/collections/reelmind_minilm384_v1/points/scroll "HTTP/1.1 200 OK"
2026-10-03 05:02:06,107 INFO httpx HTTP Request: POST http://localhost:6333/collections/reelmind_minilm384_v1/points/scroll "HTTP/1.1 200 OK"
2026-10-03 05:02:08,391 INFO httpx HTTP Request: POST http://localhost:6333/collections/reelmind_minilm384_v1/points/scroll "HTTP/1.1 200 OK"
2026-10-03 05:02:10,682 INFO httpx HTTP Request: POST http://localhost:6333/collections/reelmind_minilm384_v1/points/scroll "HTTP/1.1 200 OK"
2026-10-03 05:02:12,948 INFO httpx HTTP Request: POST http://localhost:6333/collections/reelmind_minilm384_v1/points/scroll "HTTP/1.1 200 OK"
2026-10-03 05:02:15,252 INFO httpx HTTP Request: POST http://localhost:6333/collections/reelmind_minilm384_v1/points/scroll "HTTP/1.1 200 OK"
2026-10-03 05:02:17,529 INFO httpx HTTP Request: POST http://localhost:6333/collections/reelmind_minilm384_v1/points/scroll "HTTP/1.1 200 OK"
2026-10-03 05:02:19,803 INFO httpx HTTP Request: POST http://localhost:6333/collections/reelmind_minilm384_v1/points/scroll "HTTP/1.1 200 OK"
2026-10-03 05:02:22,119 INFO httpx HTTP Request: POST http://localhost:6333/collections/reelmind_minilm384_v1/points/scroll "HTTP/1.1 200 OK"
2026-10-03 05:02:24,401 INFO httpx HTTP Request: POST http://localhost:6333/collections/reelmind_minilm384_v1/points/scroll "HTTP/1.1 200 OK"
2026-10-03 05:02:26,689 INFO httpx HTTP Request: POST http://localhost:6333/collections/reelmind_minilm384_v1/points/scroll "HTTP/1.1 200 OK"
2026-10-03 05:02:28,951 INFO httpx HTTP Request: POST http://localhost:6333/collections/reelmind_minilm384_v1/points/scroll "HTTP/1.1 200 OK"
2026-10-03 05:02:31,214 INFO httpx HTTP Request: POST http://localhost:6333/collections/reelmind_minilm384_v1/points/scroll "HTTP/1.1 200 OK"
2026-10-03 05:02:33,481 INFO httpx HTTP Request: POST http://localhost:6333/collections/reelmind_minilm384_v1/points/scroll "HTTP/1.1 200 OK"
2026-10-03 05:02:35,744 INFO httpx HTTP Request: POST http://localhost:6333/collections/reelmind_minilm384_v1/points/scroll "HTTP/1.1 200 OK"
2026-10-03 05:02:38,028 INFO httpx HTTP Request: POST http://localhost:6333/collections/reelmind_minilm384_v1/points/scroll "HTTP/1.1 200 OK"
2026-10-03 05:02:40,303 INFO httpx HTTP Request: POST http://localhost:6333/collections/reelmind_minilm384_v1/points/scroll "HTTP/1.1 200 OK"
2026-10-03 05:02:42,591 INFO httpx HTTP Request: POST http://localhost:6333/collections/reelmind_minilm384_v1/points/scroll "HTTP/1.1 200 OK"
2026-10-03 05:02:44,866 INFO httpx HTTP Request: POST http://localhost:6333/collections/reelmind_minilm384_v1/points/scroll "HTTP/1.1 200 OK"
2026-10-03 05:02:47,151 INFO httpx HTTP Request: POST http://localhost:6333/collections/reelmind_minilm384_v1/points/scroll "HTTP/1.1 200 OK"
2026-10-03 05:02:49,428 INFO httpx HTTP Request: POST http://localhost:6333/collections/reelmind_minilm384_v1/points/scroll "HTTP/1.1 200 OK"
2026-10-03 05:02:51,724 INFO httpx HTTP Request: POST http://localhost:6333/collections/reelmind_minilm384_v1/points/scroll "HTTP/1.1 200 OK"
2026-10-03 05:02:54,024 INFO httpx HTTP Request: POST http://localhost:6333/collections/reelmind_minilm384_v1/points/scroll "HTTP/1.1 200 OK"
2026-10-03 05:02:56,329 INFO httpx HTTP Request: POST http://localhost:6333/collections/reelmind_minilm384_v1/points/scroll "HTTP/1.1 200 OK"
2026-10-03 05:02:58,614 INFO httpx HTTP Request: POST http://localhost:6333/collections/reelmind_minilm384_v1/points/scroll "HTTP/1.1 200 OK"
2026-10-03 05:03:00,917 INFO httpx HTTP Request: POST http://localhost:6333/collections/reelmind_minilm384_v1/points/scroll "HTTP/1.1 200 OK"
2026-10-03 05:03:03,201 INFO httpx HTTP Request: POST http://localhost:6333/collections/reelmind_minilm384_v1/points/scroll "HTTP/1.1 200 OK"
2026-10-03 05:03:05,511 INFO httpx HTTP Request: POST http://localhost:6333/collections/reelmind_minilm384_v1/points/scroll "HTTP/1.1 200 OK"
2026-10-03 05:03:07,787 INFO httpx HTTP Request: POST http://localhost:6333/collections/reelmind_minilm384_v1/points/scroll "HTTP/1.1 200 OK"
2026-10-03 05:03:10,071 INFO httpx HTTP Request: POST http://localhost:6333/collections/reelmind_minilm384_v1/points/scroll "HTTP/1.1 200 OK"
2026-10-03 05:03:12,355 INFO httpx HTTP Request: POST http://localhost:6333/collections/reelmind_minilm384_v1/points/scroll "HTTP/1.1 200 OK"
2026-10-03 05:03:14,649 INFO httpx HTTP Request: POST http://localhost:6333/collections/reelmind_minilm384_v1/points/scroll "HTTP/1.1 200 OK"
2026-10-03 05:03:16,943 INFO httpx HTTP Request: POST http://localhost:6333/collections/reelmind_minilm384_v1/points/scroll "HTTP/1.1 200 OK"
2026-10-03 05:03:19,267 INFO httpx HTTP Request: POST http://localhost:6333/collections/reelmind_minilm384_v1/points/scroll "HTTP/1.1 200 OK"
2026-10-03 05:03:21,555 INFO httpx HTTP Request: POST http://localhost:6333/collections/reelmind_minilm384_v1/points/scroll "HTTP/1.1 200 OK"
2026-10-03 05:03:23,822 INFO httpx HTTP Request: POST http://localhost:6333/collections/reelmind_minilm384_v1/points/scroll "HTTP/1.1 200 OK"
2026-10-03 05:03:26,092 INFO httpx HTTP Request: POST http://localhost:6333/collections/reelmind_minilm384_v1/points/scroll "HTTP/1.1 200 OK"
2026-10-03 05:03:28,377 INFO httpx HTTP Request: POST http://localhost:6333/collections/reelmind_minilm384_v1/points/scroll "HTTP/1.1 200 OK"
2026-10-03 05:03:30,687 INFO httpx HTTP Request: POST http://localhost:6333/collections/reelmind_minilm384_v1/points/scroll "HTTP/1.1 200 OK"
2026-10-03 05:03:32,963 INFO httpx HTTP Request: POST http://localhost:6333/collections/reelmind_minilm384_v1/points/scroll "HTTP/1.1 200 OK"
2026-10-03 05:03:35,249 INFO httpx HTTP Request: POST http://localhost:6333/collections/reelmind_minilm384_v1/points/scroll "HTTP/1.1 200 OK"
2026-10-03 05:03:37,551 INFO httpx HTTP Request: POST http://localhost:6333/collections/reelmind_minilm384_v1/points/scroll "HTTP/1.1 200 OK"
2026-10-03 05:03:39,871 INFO httpx HTTP Request: POST http://localhost:6333/collections/reelmind_minilm384_v1/points/scroll "HTTP/1.1 200 OK"
2026-10-03 05:03:42,172 INFO httpx HTTP Request: POST http://localhost:6333/collections/reelmind_minilm384_v1/points/scroll "HTTP/1.1 200 OK"
2026-10-03 05:03:44,488 INFO httpx HTTP Request: POST http://localhost:6333/collections/reelmind_minilm384_v1/points/scroll "HTTP/1.1 200 OK"
2026-10-03 05:03:46,779 INFO httpx HTTP Request: POST http://localhost:6333/collections/reelmind_minilm384_v1/points/scroll "HTTP/1.1 200 OK"
2026-10-03 05:03:49,091 INFO httpx HTTP Request: POST http://localhost:6333/collections/reelmind_minilm384_v1/points/scroll "HTTP/1.1 200 OK"
2026-10-03 05:03:51,381 INFO httpx HTTP Request: POST http://localhost:6333/collections/reelmind_minilm384_v1/points/scroll "HTTP/1.1 200 OK"
2026-10-03 05:03:53,731 INFO httpx HTTP Request: POST http://localhost:6333/collections/reelmind_minilm384_v1/points/scroll "HTTP/1.1 200 OK"
2026-10-03 05:03:55,997 INFO httpx HTTP Request: POST http://localhost:6333/collections/reelmind_minilm384_v1/points/scroll "HTTP/1.1 200 OK"
2026-10-03 05:04:53,165 INFO httpx HTTP Request: POST http://localhost:6333/collections/reelmind_minilm384_v1/points/query "HTTP/1.1 200 OK"
2026-10-03 05:05:16,848 INFO httpx HTTP Request: GET http://localhost:6333/collections "HTTP/1.1 200 OK"
2026-10-03 05:05:18,926 INFO httpx HTTP Request: GET http://localhost:6333/collections "HTTP/1.1 200 OK"
2026-10-03 05:05:21,003 INFO httpx HTTP Request: GET http://localhost:6333/collections/reelmind_minilm384_v1 "HTTP/1.1 200 OK"
2026-10-03 05:05:23,219 INFO httpx HTTP Request: GET http://localhost:11434/api/tags "HTTP/1.1 200 OK"
2026-10-03 05:20:51,239 INFO httpx HTTP Request: GET http://localhost:6333/collections "HTTP/1.1 200 OK"
2026-10-03 05:20:53,314 INFO httpx HTTP Request: GET http://localhost:6333/collections "HTTP/1.1 200 OK"
2026-10-03 05:40:37,929 INFO httpx HTTP Request: GET http://localhost:6333/collections/reelmind_minilm384_v1 "HTTP/1.1 408 Request Timeout"
2026-10-03 05:40:40,561 INFO httpx HTTP Request: GET http://localhost:11434/api/tags "HTTP/1.1 200 OK"
