0 verbose cli C:\Program Files\nodejs\node.exe C:\Program Files\nodejs\node_modules\npm\bin\npm-cli.js
1 info using npm@11.6.2
2 info using node@v24.12.0
3 silly config load:file:C:\Program Files\nodejs\node_modules\npm\npmrc
4 silly config load:file:D:\Epoch_Final\frontend\.npmrc
5 silly config load:file:C:\Users\Om\.npmrc
6 silly config load:file:C:\Users\Om\AppData\Roaming\npm\etc\npmrc
7 verbose title npm install
8 verbose argv "install" "--no-fund" "--no-audit"
9 verbose logfile logs-max:10 dir:D:\Epoch_Final\.cache\npm\_logs\2026-10-02T22_24_08_715Z-
10 verbose logfile D:\Epoch_Final\.cache\npm\_logs\2026-10-02T22_24_08_715Z-debug-0.log
11 silly logfile done cleaning log files
12 silly packumentCache heap:4496293888 maxSize:1124073472 maxEntrySize:562036736
13 silly idealTree buildDeps
14 silly fetch manifest next@16.3.8
15 silly packumentCache full:https://registry.npmjs.org/next cache-miss
16 http fetch GET 200 https://registry.npmjs.org/npm 280ms
17 http fetch GET 200 https://registry.npmjs.org/next 1021ms (cache miss)
18 silly packumentCache full:https://registry.npmjs.org/next set size:undefined disposed:false
19 silly fetch manifest @opentelemetry/api@^1.1.0
20 silly packumentCache full:https://registry.npmjs.org/@opentelemetry%2fapi cache-miss
21 http fetch GET 200 https://registry.npmjs.org/@opentelemetry%2fapi 312ms (cache miss)
22 silly packumentCache full:https://registry.npmjs.org/@opentelemetry%2fapi set size:undefined disposed:false
23 silly fetch manifest @playwright/test@^1.51.1
24 silly packumentCache full:https://registry.npmjs.org/@playwright%2ftest cache-miss
25 http fetch GET 200 https://registry.npmjs.org/@playwright%2ftest 479ms (cache miss)
26 silly packumentCache full:https://registry.npmjs.org/@playwright%2ftest set size:undefined disposed:false
27 silly fetch manifest babel-plugin-react-compiler@*
28 silly packumentCache full:https://registry.npmjs.org/babel-plugin-react-compiler cache-miss
29 http fetch GET 200 https://registry.npmjs.org/babel-plugin-react-compiler 73ms (cache miss)
30 silly packumentCache full:https://registry.npmjs.org/babel-plugin-react-compiler set size:undefined disposed:false
31 silly fetch manifest react@^19.2.0
32 silly packumentCache full:https://registry.npmjs.org/react cache-miss
33 http fetch GET 200 https://registry.npmjs.org/react 273ms (cache miss)
34 silly packumentCache full:https://registry.npmjs.org/react set size:undefined disposed:false
35 silly fetch manifest react-dom@^19.2.0
36 silly packumentCache full:https://registry.npmjs.org/react-dom cache-miss
37 http fetch GET 200 https://registry.npmjs.org/react-dom 440ms (cache miss)
38 silly packumentCache full:https://registry.npmjs.org/react-dom set size:undefined disposed:false
39 silly fetch manifest sass@^1.3.0
40 silly packumentCache full:https://registry.npmjs.org/sass cache-miss
41 http fetch GET 200 https://registry.npmjs.org/sass 87ms (cache miss)
42 silly packumentCache full:https://registry.npmjs.org/sass set size:undefined disposed:false
43 silly fetch manifest @types/node@^24.0.0
44 silly packumentCache full:https://registry.npmjs.org/@types%2fnode cache-miss
45 http fetch GET 200 https://registry.npmjs.org/@types%2fnode 373ms (cache miss)
46 silly packumentCache full:https://registry.npmjs.org/@types%2fnode set size:undefined disposed:false
47 silly fetch manifest @types/react@^19.2.0
48 silly packumentCache full:https://registry.npmjs.org/@types%2freact cache-miss
49 http fetch GET 200 https://registry.npmjs.org/@types%2freact 122ms (cache miss)
50 silly packumentCache full:https://registry.npmjs.org/@types%2freact set size:undefined disposed:false
51 silly fetch manifest @types/react-dom@^19.2.0
52 silly packumentCache full:https://registry.npmjs.org/@types%2freact-dom cache-miss
53 http fetch GET 200 https://registry.npmjs.org/@types%2freact-dom 57ms (cache miss)
54 silly packumentCache full:https://registry.npmjs.org/@types%2freact-dom set size:undefined disposed:false
55 silly fetch manifest typescript@^5.9.0
56 silly packumentCache full:https://registry.npmjs.org/typescript cache-miss
57 http fetch GET 200 https://registry.npmjs.org/typescript 361ms (cache miss)
58 silly packumentCache full:https://registry.npmjs.org/typescript set size:undefined disposed:false
59 silly placeDep ROOT @types/node@24.19.1 OK for: reelmind-frontend@0.1.0 want: ^24.0.0
60 silly placeDep ROOT @types/react@19.3.0 OK for: reelmind-frontend@0.1.0 want: ^19.2.0
61 silly placeDep ROOT @types/react-dom@19.3.0 OK for: reelmind-frontend@0.1.0 want: ^19.2.0
62 silly placeDep ROOT next@16.3.8 OK for: reelmind-frontend@0.1.0 want: 16.3.8
63 silly placeDep ROOT react@19.3.0 OK for: next@16.3.8 want: ^18.2.0 || 19.0.0-rc-de68d2f4-20241204 || ^19.0.0
64 silly placeDep ROOT react-dom@19.3.0 OK for: next@16.3.8 want: ^18.2.0 || 19.0.0-rc-de68d2f4-20241204 || ^19.0.0
65 silly placeDep ROOT typescript@5.9.3 OK for: reelmind-frontend@0.1.0 want: ^5.9.0
66 silly fetch manifest undici-types@>=7.24.0 <7.24.7
67 silly packumentCache full:https://registry.npmjs.org/undici-types cache-miss
68 silly fetch manifest csstype@^3.2.2
69 silly packumentCache full:https://registry.npmjs.org/csstype cache-miss
70 silly fetch manifest postcss@8.5.23
71 silly packumentCache full:https://registry.npmjs.org/postcss cache-miss
72 silly fetch manifest @next/env@16.3.8
73 silly packumentCache full:https://registry.npmjs.org/@next%2fenv cache-miss
74 silly fetch manifest styled-jsx@5.1.6
75 silly packumentCache full:https://registry.npmjs.org/styled-jsx cache-miss
76 silly fetch manifest @swc/helpers@0.5.23
77 silly packumentCache full:https://registry.npmjs.org/@swc%2fhelpers cache-miss
78 silly fetch manifest caniuse-lite@^1.0.30001579
79 silly packumentCache full:https://registry.npmjs.org/caniuse-lite cache-miss
80 silly fetch manifest baseline-browser-mapping@^2.9.19
81 silly packumentCache full:https://registry.npmjs.org/baseline-browser-mapping cache-miss
82 silly fetch manifest sharp@^0.35.4
83 silly packumentCache full:https://registry.npmjs.org/sharp cache-miss
84 silly fetch manifest @next/swc-darwin-x64@16.3.8
85 silly packumentCache full:https://registry.npmjs.org/@next%2fswc-darwin-x64 cache-miss
86 silly fetch manifest @next/swc-darwin-arm64@16.3.8
87 silly packumentCache full:https://registry.npmjs.org/@next%2fswc-darwin-arm64 cache-miss
88 http fetch GET 200 https://registry.npmjs.org/undici-types 35ms (cache miss)
89 silly packumentCache full:https://registry.npmjs.org/undici-types set size:undefined disposed:false
90 silly fetch manifest @next/swc-linux-x64-gnu@16.3.8
91 silly packumentCache full:https://registry.npmjs.org/@next%2fswc-linux-x64-gnu cache-miss
92 http fetch GET 200 https://registry.npmjs.org/postcss 61ms (cache miss)
93 silly packumentCache full:https://registry.npmjs.org/postcss set size:undefined disposed:false
94 silly fetch manifest @next/swc-linux-x64-musl@16.3.8
95 silly packumentCache full:https://registry.npmjs.org/@next%2fswc-linux-x64-musl cache-miss
96 http fetch GET 200 https://registry.npmjs.org/baseline-browser-mapping 108ms (cache miss)
97 silly packumentCache full:https://registry.npmjs.org/baseline-browser-mapping set size:undefined disposed:false
98 silly fetch manifest @next/swc-win32-x64-msvc@16.3.8
99 silly packumentCache full:https://registry.npmjs.org/@next%2fswc-win32-x64-msvc cache-miss
100 http fetch GET 200 https://registry.npmjs.org/csstype 135ms (cache miss)
101 silly packumentCache full:https://registry.npmjs.org/csstype set size:undefined disposed:false
102 silly fetch manifest @next/swc-linux-arm64-gnu@16.3.8
103 silly packumentCache full:https://registry.npmjs.org/@next%2fswc-linux-arm64-gnu cache-miss
104 http fetch GET 200 https://registry.npmjs.org/@swc%2fhelpers 151ms (cache miss)
105 silly packumentCache full:https://registry.npmjs.org/@swc%2fhelpers set size:undefined disposed:false
106 silly fetch manifest @next/swc-linux-arm64-musl@16.3.8
107 silly packumentCache full:https://registry.npmjs.org/@next%2fswc-linux-arm64-musl cache-miss
108 http fetch GET 200 https://registry.npmjs.org/styled-jsx 167ms (cache miss)
109 silly packumentCache full:https://registry.npmjs.org/styled-jsx set size:undefined disposed:false
110 silly fetch manifest @next/swc-win32-arm64-msvc@16.3.8
111 silly packumentCache full:https://registry.npmjs.org/@next%2fswc-win32-arm64-msvc cache-miss
112 http fetch GET 200 https://registry.npmjs.org/sharp 171ms (cache miss)
113 silly packumentCache full:https://registry.npmjs.org/sharp set size:undefined disposed:false
114 silly fetch manifest scheduler@^0.28.0
115 silly packumentCache full:https://registry.npmjs.org/scheduler cache-miss
116 http fetch GET 200 https://registry.npmjs.org/@next%2fswc-linux-x64-musl 514ms (cache miss)
117 silly packumentCache full:https://registry.npmjs.org/@next%2fswc-linux-x64-musl set size:undefined disposed:false
118 http fetch GET 200 https://registry.npmjs.org/caniuse-lite 596ms (cache miss)
119 silly packumentCache full:https://registry.npmjs.org/caniuse-lite set size:undefined disposed:false
120 http fetch GET 200 https://registry.npmjs.org/@next%2fswc-linux-arm64-musl 616ms (cache miss)
121 silly packumentCache full:https://registry.npmjs.org/@next%2fswc-linux-arm64-musl set size:undefined disposed:false
122 http fetch GET 200 https://registry.npmjs.org/@next%2fswc-linux-x64-gnu 834ms (cache miss)
123 silly packumentCache full:https://registry.npmjs.org/@next%2fswc-linux-x64-gnu set size:undefined disposed:false
124 http fetch GET 200 https://registry.npmjs.org/@next%2fenv 890ms (cache miss)
125 silly packumentCache full:https://registry.npmjs.org/@next%2fenv set size:undefined disposed:false
126 http fetch GET 200 https://registry.npmjs.org/@next%2fswc-win32-x64-msvc 938ms (cache miss)
127 silly packumentCache full:https://registry.npmjs.org/@next%2fswc-win32-x64-msvc set size:undefined disposed:false
128 http fetch GET 200 https://registry.npmjs.org/@next%2fswc-linux-arm64-gnu 941ms (cache miss)
129 silly packumentCache full:https://registry.npmjs.org/@next%2fswc-linux-arm64-gnu set size:undefined disposed:false
130 http fetch GET 200 https://registry.npmjs.org/scheduler 942ms (cache miss)
131 silly packumentCache full:https://registry.npmjs.org/scheduler set size:undefined disposed:false
132 http fetch GET 200 https://registry.npmjs.org/@next%2fswc-win32-arm64-msvc 1069ms (cache miss)
133 silly packumentCache full:https://registry.npmjs.org/@next%2fswc-win32-arm64-msvc set size:undefined disposed:false
134 http fetch GET 200 https://registry.npmjs.org/@next%2fswc-darwin-arm64 1327ms (cache miss)
135 silly packumentCache full:https://registry.npmjs.org/@next%2fswc-darwin-arm64 set size:undefined disposed:false
136 http fetch GET 200 https://registry.npmjs.org/@next%2fswc-darwin-x64 1560ms (cache miss)
137 silly packumentCache full:https://registry.npmjs.org/@next%2fswc-darwin-x64 set size:undefined disposed:false
138 silly placeDep ROOT undici-types@7.24.6 OK for: @types/node@24.19.1 want: >=7.24.0 <7.24.7
139 silly placeDep ROOT csstype@3.2.3 OK for: @types/react@19.3.0 want: ^3.2.2
140 silly fetch manifest react@^18.2.0 || 19.0.0-rc-de68d2f4-20241204 || ^19.0.0
141 silly packumentCache full:https://registry.npmjs.org/react cache-miss
142 http cache https://registry.npmjs.org/react 25ms (cache hit)
143 silly packumentCache full:https://registry.npmjs.org/react set size:7016423 disposed:false
144 silly placeDep ROOT @next/env@16.3.8 OK for: next@16.3.8 want: 16.3.8
145 silly placeDep ROOT @next/swc-darwin-arm64@16.3.8 OK for: next@16.3.8 want: 16.3.8
146 silly placeDep ROOT @next/swc-darwin-x64@16.3.8 OK for: next@16.3.8 want: 16.3.8
147 silly placeDep ROOT @next/swc-linux-arm64-gnu@16.3.8 OK for: next@16.3.8 want: 16.3.8
148 silly placeDep ROOT @next/swc-linux-arm64-musl@16.3.8 OK for: next@16.3.8 want: 16.3.8
149 silly placeDep ROOT @next/swc-linux-x64-gnu@16.3.8 OK for: next@16.3.8 want: 16.3.8
150 silly placeDep ROOT @next/swc-linux-x64-musl@16.3.8 OK for: next@16.3.8 want: 16.3.8
151 silly placeDep ROOT @next/swc-win32-arm64-msvc@16.3.8 OK for: next@16.3.8 want: 16.3.8
152 silly placeDep ROOT @next/swc-win32-x64-msvc@16.3.8 OK for: next@16.3.8 want: 16.3.8
153 silly placeDep ROOT @swc/helpers@0.5.23 OK for: next@16.3.8 want: 0.5.23
154 silly placeDep ROOT baseline-browser-mapping@2.11.27 OK for: next@16.3.8 want: ^2.9.19
155 silly placeDep ROOT caniuse-lite@1.0.30001814 OK for: next@16.3.8 want: ^1.0.30001579
156 silly placeDep ROOT postcss@8.5.23 OK for: next@16.3.8 want: 8.5.23
157 silly placeDep ROOT sharp@0.35.5 OK for: next@16.3.8 want: ^0.35.4
158 silly placeDep ROOT styled-jsx@5.1.6 OK for: next@16.3.8 want: 5.1.6
159 silly fetch manifest tslib@^2.8.0
160 silly packumentCache full:https://registry.npmjs.org/tslib cache-miss
161 silly fetch manifest nanoid@^3.3.16
162 silly packumentCache full:https://registry.npmjs.org/nanoid cache-miss
163 silly fetch manifest picocolors@^1.1.1
164 silly packumentCache full:https://registry.npmjs.org/picocolors cache-miss
165 silly fetch manifest source-map-js@^1.2.1
166 silly packumentCache full:https://registry.npmjs.org/source-map-js cache-miss
167 silly fetch manifest semver@^7.8.5
168 silly packumentCache full:https://registry.npmjs.org/semver cache-miss
169 silly fetch manifest @img/colour@^1.1.0
170 silly packumentCache full:https://registry.npmjs.org/@img%2fcolour cache-miss
171 silly fetch manifest detect-libc@^2.1.2
172 silly packumentCache full:https://registry.npmjs.org/detect-libc cache-miss
173 silly fetch manifest @img/sharp-linux-arm@0.35.5
174 silly packumentCache full:https://registry.npmjs.org/@img%2fsharp-linux-arm cache-miss
175 silly fetch manifest @img/sharp-linux-x64@0.35.5
176 silly packumentCache full:https://registry.npmjs.org/@img%2fsharp-linux-x64 cache-miss
177 silly fetch manifest @img/sharp-win32-x64@0.35.5
178 silly packumentCache full:https://registry.npmjs.org/@img%2fsharp-win32-x64 cache-miss
179 silly fetch manifest @img/sharp-darwin-x64@0.35.5
180 silly packumentCache full:https://registry.npmjs.org/@img%2fsharp-darwin-x64 cache-miss
181 http fetch GET 200 https://registry.npmjs.org/picocolors 34ms (cache miss)
182 silly packumentCache full:https://registry.npmjs.org/picocolors set size:undefined disposed:false
183 silly fetch manifest @img/sharp-win32-ia32@0.35.5
184 silly packumentCache full:https://registry.npmjs.org/@img%2fsharp-win32-ia32 cache-miss
185 http fetch GET 200 https://registry.npmjs.org/detect-libc 36ms (cache miss)
186 silly packumentCache full:https://registry.npmjs.org/detect-libc set size:undefined disposed:false
187 silly fetch manifest @img/sharp-linux-arm64@0.35.5
188 silly packumentCache full:https://registry.npmjs.org/@img%2fsharp-linux-arm64 cache-miss
189 http fetch GET 200 https://registry.npmjs.org/tslib 46ms (cache miss)
190 silly packumentCache full:https://registry.npmjs.org/tslib set size:undefined disposed:false
191 silly fetch manifest @img/sharp-linux-ppc64@0.35.5
192 silly packumentCache full:https://registry.npmjs.org/@img%2fsharp-linux-ppc64 cache-miss
193 http fetch GET 200 https://registry.npmjs.org/@img%2fcolour 47ms (cache miss)
194 silly packumentCache full:https://registry.npmjs.org/@img%2fcolour set size:undefined disposed:false
195 silly fetch manifest @img/sharp-linux-s390x@0.35.5
196 silly packumentCache full:https://registry.npmjs.org/@img%2fsharp-linux-s390x cache-miss
197 http fetch GET 200 https://registry.npmjs.org/source-map-js 50ms (cache miss)
198 silly packumentCache full:https://registry.npmjs.org/source-map-js set size:undefined disposed:false
199 silly fetch manifest @img/sharp-win32-arm64@0.35.5
200 silly packumentCache full:https://registry.npmjs.org/@img%2fsharp-win32-arm64 cache-miss
201 http fetch GET 200 https://registry.npmjs.org/@img%2fsharp-linux-arm 52ms (cache miss)
202 silly packumentCache full:https://registry.npmjs.org/@img%2fsharp-linux-arm set size:undefined disposed:false
203 silly fetch manifest @img/sharp-darwin-arm64@0.35.5
204 silly packumentCache full:https://registry.npmjs.org/@img%2fsharp-darwin-arm64 cache-miss
205 http fetch GET 200 https://registry.npmjs.org/@img%2fsharp-linux-x64 55ms (cache miss)
206 silly packumentCache full:https://registry.npmjs.org/@img%2fsharp-linux-x64 set size:undefined disposed:false
207 silly fetch manifest @img/sharp-linux-riscv64@0.35.5
208 silly packumentCache full:https://registry.npmjs.org/@img%2fsharp-linux-riscv64 cache-miss
209 http fetch GET 200 https://registry.npmjs.org/semver 57ms (cache miss)
210 silly packumentCache full:https://registry.npmjs.org/semver set size:undefined disposed:false
211 silly fetch manifest @img/sharp-linuxmusl-x64@0.35.5
212 silly packumentCache full:https://registry.npmjs.org/@img%2fsharp-linuxmusl-x64 cache-miss
213 http fetch GET 200 https://registry.npmjs.org/nanoid 69ms (cache miss)
214 silly packumentCache full:https://registry.npmjs.org/nanoid set size:undefined disposed:false
215 silly fetch manifest @img/sharp-freebsd-wasm32@0.35.5
216 silly packumentCache full:https://registry.npmjs.org/@img%2fsharp-freebsd-wasm32 cache-miss
217 http fetch GET 200 https://registry.npmjs.org/@img%2fsharp-linux-arm64 38ms (cache miss)
218 silly packumentCache full:https://registry.npmjs.org/@img%2fsharp-linux-arm64 set size:undefined disposed:false
219 silly fetch manifest @img/sharp-linuxmusl-arm64@0.35.5
220 silly packumentCache full:https://registry.npmjs.org/@img%2fsharp-linuxmusl-arm64 cache-miss
221 http fetch GET 200 https://registry.npmjs.org/@img%2fsharp-linux-ppc64 41ms (cache miss)
222 silly packumentCache full:https://registry.npmjs.org/@img%2fsharp-linux-ppc64 set size:undefined disposed:false
223 silly fetch manifest @img/sharp-libvips-linux-arm@1.3.4
224 silly packumentCache full:https://registry.npmjs.org/@img%2fsharp-libvips-linux-arm cache-miss
225 http fetch GET 200 https://registry.npmjs.org/@img%2fsharp-linux-s390x 47ms (cache miss)
226 silly packumentCache full:https://registry.npmjs.org/@img%2fsharp-linux-s390x set size:undefined disposed:false
227 silly fetch manifest @img/sharp-libvips-linux-x64@1.3.4
228 silly packumentCache full:https://registry.npmjs.org/@img%2fsharp-libvips-linux-x64 cache-miss
229 http fetch GET 200 https://registry.npmjs.org/@img%2fsharp-darwin-arm64 43ms (cache miss)
230 silly packumentCache full:https://registry.npmjs.org/@img%2fsharp-darwin-arm64 set size:undefined disposed:false
231 silly fetch manifest @img/sharp-libvips-darwin-x64@1.3.4
232 silly packumentCache full:https://registry.npmjs.org/@img%2fsharp-libvips-darwin-x64 cache-miss
233 http fetch GET 200 https://registry.npmjs.org/@img%2fsharp-linuxmusl-arm64 42ms (cache miss)
234 silly packumentCache full:https://registry.npmjs.org/@img%2fsharp-linuxmusl-arm64 set size:undefined disposed:false
235 silly fetch manifest @img/sharp-libvips-linux-arm64@1.3.4
236 silly packumentCache full:https://registry.npmjs.org/@img%2fsharp-libvips-linux-arm64 cache-miss
237 http fetch GET 200 https://registry.npmjs.org/@img%2fsharp-libvips-linux-arm 37ms (cache miss)
238 silly packumentCache full:https://registry.npmjs.org/@img%2fsharp-libvips-linux-arm set size:undefined disposed:false
239 silly fetch manifest @img/sharp-libvips-linux-ppc64@1.3.4
240 silly packumentCache full:https://registry.npmjs.org/@img%2fsharp-libvips-linux-ppc64 cache-miss
241 http fetch GET 200 https://registry.npmjs.org/@img%2fsharp-libvips-linux-x64 38ms (cache miss)
242 silly packumentCache full:https://registry.npmjs.org/@img%2fsharp-libvips-linux-x64 set size:undefined disposed:false
243 silly fetch manifest @img/sharp-libvips-linux-s390x@1.3.4
244 silly packumentCache full:https://registry.npmjs.org/@img%2fsharp-libvips-linux-s390x cache-miss
245 http fetch GET 200 https://registry.npmjs.org/@img%2fsharp-libvips-darwin-x64 41ms (cache miss)
246 silly packumentCache full:https://registry.npmjs.org/@img%2fsharp-libvips-darwin-x64 set size:undefined disposed:false
247 silly fetch manifest @img/sharp-libvips-darwin-arm64@1.3.4
248 silly packumentCache full:https://registry.npmjs.org/@img%2fsharp-libvips-darwin-arm64 cache-miss
249 http fetch GET 200 https://registry.npmjs.org/@img%2fsharp-libvips-linux-arm64 40ms (cache miss)
250 silly packumentCache full:https://registry.npmjs.org/@img%2fsharp-libvips-linux-arm64 set size:undefined disposed:false
251 silly fetch manifest @img/sharp-webcontainers-wasm32@0.35.5
252 silly packumentCache full:https://registry.npmjs.org/@img%2fsharp-webcontainers-wasm32 cache-miss
253 http fetch GET 200 https://registry.npmjs.org/@img%2fsharp-libvips-linux-ppc64 35ms (cache miss)
254 silly packumentCache full:https://registry.npmjs.org/@img%2fsharp-libvips-linux-ppc64 set size:undefined disposed:false
255 silly fetch manifest @img/sharp-libvips-linux-riscv64@1.3.4
256 silly packumentCache full:https://registry.npmjs.org/@img%2fsharp-libvips-linux-riscv64 cache-miss
257 http fetch GET 200 https://registry.npmjs.org/@img%2fsharp-libvips-linux-s390x 33ms (cache miss)
258 silly packumentCache full:https://registry.npmjs.org/@img%2fsharp-libvips-linux-s390x set size:undefined disposed:false
259 silly fetch manifest @img/sharp-libvips-linuxmusl-x64@1.3.4
260 silly packumentCache full:https://registry.npmjs.org/@img%2fsharp-libvips-linuxmusl-x64 cache-miss
261 http fetch GET 200 https://registry.npmjs.org/@img%2fsharp-libvips-darwin-arm64 38ms (cache miss)
262 silly packumentCache full:https://registry.npmjs.org/@img%2fsharp-libvips-darwin-arm64 set size:undefined disposed:false
263 silly fetch manifest @img/sharp-libvips-linuxmusl-arm64@1.3.4
264 silly packumentCache full:https://registry.npmjs.org/@img%2fsharp-libvips-linuxmusl-arm64 cache-miss
265 http fetch GET 200 https://registry.npmjs.org/@img%2fsharp-webcontainers-wasm32 32ms (cache miss)
266 silly packumentCache full:https://registry.npmjs.org/@img%2fsharp-webcontainers-wasm32 set size:undefined disposed:false
267 silly fetch manifest client-only@0.0.1
268 silly packumentCache full:https://registry.npmjs.org/client-only cache-miss
269 http fetch GET 200 https://registry.npmjs.org/@img%2fsharp-libvips-linux-riscv64 35ms (cache miss)
270 silly packumentCache full:https://registry.npmjs.org/@img%2fsharp-libvips-linux-riscv64 set size:undefined disposed:false
271 http fetch GET 200 https://registry.npmjs.org/@img%2fsharp-libvips-linuxmusl-x64 30ms (cache miss)
272 silly packumentCache full:https://registry.npmjs.org/@img%2fsharp-libvips-linuxmusl-x64 set size:undefined disposed:false
273 http fetch GET 200 https://registry.npmjs.org/@img%2fsharp-libvips-linuxmusl-arm64 40ms (cache miss)
274 silly packumentCache full:https://registry.npmjs.org/@img%2fsharp-libvips-linuxmusl-arm64 set size:undefined disposed:false
275 http fetch GET 200 https://registry.npmjs.org/client-only 26ms (cache miss)
276 silly packumentCache full:https://registry.npmjs.org/client-only set size:undefined disposed:false
277 http fetch GET 200 https://registry.npmjs.org/@img%2fsharp-win32-x64 269ms (cache miss)
278 silly packumentCache full:https://registry.npmjs.org/@img%2fsharp-win32-x64 set size:undefined disposed:false
279 http fetch GET 200 https://registry.npmjs.org/@img%2fsharp-darwin-x64 308ms (cache miss)
280 silly packumentCache full:https://registry.npmjs.org/@img%2fsharp-darwin-x64 set size:undefined disposed:false
281 http fetch GET 200 https://registry.npmjs.org/@img%2fsharp-win32-arm64 266ms (cache miss)
282 silly packumentCache full:https://registry.npmjs.org/@img%2fsharp-win32-arm64 set size:undefined disposed:false
283 http fetch GET 200 https://registry.npmjs.org/@img%2fsharp-linuxmusl-x64 271ms (cache miss)
284 silly packumentCache full:https://registry.npmjs.org/@img%2fsharp-linuxmusl-x64 set size:undefined disposed:false
285 http fetch GET 200 https://registry.npmjs.org/@img%2fsharp-linux-riscv64 303ms (cache miss)
286 silly packumentCache full:https://registry.npmjs.org/@img%2fsharp-linux-riscv64 set size:undefined disposed:false
287 http fetch GET 200 https://registry.npmjs.org/@img%2fsharp-win32-ia32 456ms (cache miss)
288 silly packumentCache full:https://registry.npmjs.org/@img%2fsharp-win32-ia32 set size:undefined disposed:false
289 http fetch GET 200 https://registry.npmjs.org/@img%2fsharp-freebsd-wasm32 809ms (cache miss)
290 silly packumentCache full:https://registry.npmjs.org/@img%2fsharp-freebsd-wasm32 set size:undefined disposed:false
291 silly placeDep ROOT tslib@2.8.1 OK for: @swc/helpers@0.5.23 want: ^2.8.0
292 silly placeDep ROOT nanoid@3.3.19 OK for: postcss@8.5.23 want: ^3.3.16
293 silly placeDep ROOT picocolors@1.1.1 OK for: postcss@8.5.23 want: ^1.1.1
294 silly placeDep ROOT source-map-js@1.2.2 OK for: postcss@8.5.23 want: ^1.2.1
295 silly placeDep ROOT scheduler@0.28.0 OK for: react-dom@19.3.0 want: ^0.28.0
296 silly placeDep ROOT @img/colour@1.1.0 OK for: sharp@0.35.5 want: ^1.1.0
297 silly placeDep ROOT @img/sharp-darwin-arm64@0.35.5 OK for: sharp@0.35.5 want: 0.35.5
298 silly placeDep ROOT @img/sharp-darwin-x64@0.35.5 OK for: sharp@0.35.5 want: 0.35.5
299 silly placeDep ROOT @img/sharp-freebsd-wasm32@0.35.5 OK for: sharp@0.35.5 want: 0.35.5
300 silly placeDep ROOT @img/sharp-libvips-darwin-arm64@1.3.4 OK for: sharp@0.35.5 want: 1.3.4
301 silly placeDep ROOT @img/sharp-libvips-darwin-x64@1.3.4 OK for: sharp@0.35.5 want: 1.3.4
302 silly placeDep ROOT @img/sharp-libvips-linux-arm@1.3.4 OK for: sharp@0.35.5 want: 1.3.4
303 silly placeDep ROOT @img/sharp-libvips-linux-arm64@1.3.4 OK for: sharp@0.35.5 want: 1.3.4
304 silly placeDep ROOT @img/sharp-libvips-linux-ppc64@1.3.4 OK for: sharp@0.35.5 want: 1.3.4
305 silly placeDep ROOT @img/sharp-libvips-linux-riscv64@1.3.4 OK for: sharp@0.35.5 want: 1.3.4
306 silly placeDep ROOT @img/sharp-libvips-linux-s390x@1.3.4 OK for: sharp@0.35.5 want: 1.3.4
307 silly placeDep ROOT @img/sharp-libvips-linux-x64@1.3.4 OK for: sharp@0.35.5 want: 1.3.4
308 silly placeDep ROOT @img/sharp-libvips-linuxmusl-arm64@1.3.4 OK for: sharp@0.35.5 want: 1.3.4
309 silly placeDep ROOT @img/sharp-libvips-linuxmusl-x64@1.3.4 OK for: sharp@0.35.5 want: 1.3.4
310 silly placeDep ROOT @img/sharp-linux-arm@0.35.5 OK for: sharp@0.35.5 want: 0.35.5
311 silly placeDep ROOT @img/sharp-linux-arm64@0.35.5 OK for: sharp@0.35.5 want: 0.35.5
312 silly placeDep ROOT @img/sharp-linux-ppc64@0.35.5 OK for: sharp@0.35.5 want: 0.35.5
313 silly placeDep ROOT @img/sharp-linux-riscv64@0.35.5 OK for: sharp@0.35.5 want: 0.35.5
314 silly placeDep ROOT @img/sharp-linux-s390x@0.35.5 OK for: sharp@0.35.5 want: 0.35.5
315 silly placeDep ROOT @img/sharp-linux-x64@0.35.5 OK for: sharp@0.35.5 want: 0.35.5
316 silly placeDep ROOT @img/sharp-linuxmusl-arm64@0.35.5 OK for: sharp@0.35.5 want: 0.35.5
317 silly placeDep ROOT @img/sharp-linuxmusl-x64@0.35.5 OK for: sharp@0.35.5 want: 0.35.5
318 silly placeDep ROOT @img/sharp-webcontainers-wasm32@0.35.5 OK for: sharp@0.35.5 want: 0.35.5
319 silly placeDep ROOT @img/sharp-win32-arm64@0.35.5 OK for: sharp@0.35.5 want: 0.35.5
320 silly placeDep ROOT @img/sharp-win32-ia32@0.35.5 OK for: sharp@0.35.5 want: 0.35.5
321 silly placeDep ROOT @img/sharp-win32-x64@0.35.5 OK for: sharp@0.35.5 want: 0.35.5
322 silly placeDep ROOT detect-libc@2.1.2 OK for: sharp@0.35.5 want: ^2.1.2
323 silly placeDep ROOT semver@7.8.5 OK for: sharp@0.35.5 want: ^7.8.5
324 silly fetch manifest @img/sharp-wasm32@0.35.5
325 silly packumentCache full:https://registry.npmjs.org/@img%2fsharp-wasm32 cache-miss
326 silly fetch manifest @img/sharp-wasm32@0.35.5
327 silly packumentCache full:https://registry.npmjs.org/@img%2fsharp-wasm32 cache-miss
328 http fetch GET 200 https://registry.npmjs.org/@img%2fsharp-wasm32 34ms (cache miss)
329 silly packumentCache full:https://registry.npmjs.org/@img%2fsharp-wasm32 set size:undefined disposed:false
330 http fetch GET 200 https://registry.npmjs.org/@img%2fsharp-wasm32 38ms (cache miss)
331 silly packumentCache full:https://registry.npmjs.org/@img%2fsharp-wasm32 set size:undefined disposed:false
332 silly placeDep ROOT @img/sharp-wasm32@0.35.5 OK for: @img/sharp-freebsd-wasm32@0.35.5 want: 0.35.5
333 silly fetch manifest @emnapi/runtime@^1.11.3
334 silly packumentCache full:https://registry.npmjs.org/@emnapi%2fruntime cache-miss
335 http fetch GET 200 https://registry.npmjs.org/@emnapi%2fruntime 41ms (cache miss)
336 silly packumentCache full:https://registry.npmjs.org/@emnapi%2fruntime set size:undefined disposed:false
337 silly placeDep ROOT @emnapi/runtime@1.11.3 OK for: @img/sharp-wasm32@0.35.5 want: ^1.11.3
338 silly placeDep ROOT client-only@0.0.1 OK for: styled-jsx@5.1.6 want: 0.0.1
339 silly reify moves {}
340 http cache @emnapi/runtime@https://registry.npmjs.org/@emnapi/runtime/-/runtime-1.11.3.tgz 0ms (cache hit)
341 http cache @img/sharp-win32-x64@https://registry.npmjs.org/@img/sharp-win32-x64/-/sharp-win32-x64-0.35.5.tgz 0ms (cache hit)
342 http cache @img/colour@https://registry.npmjs.org/@img/colour/-/colour-1.1.0.tgz 0ms (cache hit)
343 http cache semver@https://registry.npmjs.org/semver/-/semver-7.8.5.tgz 0ms (cache hit)
344 http cache client-only@https://registry.npmjs.org/client-only/-/client-only-0.0.1.tgz 0ms (cache hit)
345 http cache @img/sharp-wasm32@https://registry.npmjs.org/@img/sharp-wasm32/-/sharp-wasm32-0.35.5.tgz 0ms (cache hit)
346 http cache scheduler@https://registry.npmjs.org/scheduler/-/scheduler-0.28.0.tgz 0ms (cache hit)
347 http cache detect-libc@https://registry.npmjs.org/detect-libc/-/detect-libc-2.1.2.tgz 0ms (cache hit)
348 http cache nanoid@https://registry.npmjs.org/nanoid/-/nanoid-3.3.19.tgz 0ms (cache hit)
349 http cache source-map-js@https://registry.npmjs.org/source-map-js/-/source-map-js-1.2.2.tgz 0ms (cache hit)
350 http cache tslib@https://registry.npmjs.org/tslib/-/tslib-2.8.1.tgz 0ms (cache hit)
351 http cache styled-jsx@https://registry.npmjs.org/styled-jsx/-/styled-jsx-5.1.6.tgz 0ms (cache hit)
352 http cache sharp@https://registry.npmjs.org/sharp/-/sharp-0.35.5.tgz 0ms (cache hit)
353 http cache postcss@https://registry.npmjs.org/postcss/-/postcss-8.5.23.tgz 0ms (cache hit)
354 http cache picocolors@https://registry.npmjs.org/picocolors/-/picocolors-1.1.1.tgz 0ms (cache hit)
355 http cache caniuse-lite@https://registry.npmjs.org/caniuse-lite/-/caniuse-lite-1.0.30001814.tgz 0ms (cache hit)
356 http cache @swc/helpers@https://registry.npmjs.org/@swc/helpers/-/helpers-0.5.23.tgz 0ms (cache hit)
357 http cache baseline-browser-mapping@https://registry.npmjs.org/baseline-browser-mapping/-/baseline-browser-mapping-2.11.27.tgz 0ms (cache hit)
358 http cache @next/env@https://registry.npmjs.org/@next/env/-/env-16.3.8.tgz 0ms (cache hit)
359 http cache csstype@https://registry.npmjs.org/csstype/-/csstype-3.2.3.tgz 0ms (cache hit)
360 http cache undici-types@https://registry.npmjs.org/undici-types/-/undici-types-7.24.6.tgz 0ms (cache hit)
361 http cache @next/swc-win32-x64-msvc@https://registry.npmjs.org/@next/swc-win32-x64-msvc/-/swc-win32-x64-msvc-16.3.8.tgz 0ms (cache hit)
362 http cache react-dom@https://registry.npmjs.org/react-dom/-/react-dom-19.3.0.tgz 0ms (cache hit)
363 http cache typescript@https://registry.npmjs.org/typescript/-/typescript-5.9.3.tgz 0ms (cache hit)
364 http cache @types/react-dom@https://registry.npmjs.org/@types/react-dom/-/react-dom-19.3.0.tgz 0ms (cache hit)
365 http cache react@https://registry.npmjs.org/react/-/react-19.3.0.tgz 0ms (cache hit)
366 http cache next@https://registry.npmjs.org/next/-/next-16.3.8.tgz 0ms (cache hit)
367 http cache @types/react@https://registry.npmjs.org/@types/react/-/react-19.3.0.tgz 0ms (cache hit)
368 http cache @types/node@https://registry.npmjs.org/@types/node/-/node-24.19.1.tgz 0ms (cache hit)
369 silly tarball no local data for @emnapi/runtime@https://registry.npmjs.org/@emnapi/runtime/-/runtime-1.11.3.tgz. Extracting by manifest.
370 silly tarball no local data for @img/sharp-win32-x64@https://registry.npmjs.org/@img/sharp-win32-x64/-/sharp-win32-x64-0.35.5.tgz. Extracting by manifest.
371 silly tarball no local data for @img/colour@https://registry.npmjs.org/@img/colour/-/colour-1.1.0.tgz. Extracting by manifest.
372 silly tarball no local data for semver@https://registry.npmjs.org/semver/-/semver-7.8.5.tgz. Extracting by manifest.
373 silly tarball no local data for client-only@https://registry.npmjs.org/client-only/-/client-only-0.0.1.tgz. Extracting by manifest.
374 silly tarball no local data for @img/sharp-wasm32@https://registry.npmjs.org/@img/sharp-wasm32/-/sharp-wasm32-0.35.5.tgz. Extracting by manifest.
375 silly tarball no local data for scheduler@https://registry.npmjs.org/scheduler/-/scheduler-0.28.0.tgz. Extracting by manifest.
376 silly tarball no local data for detect-libc@https://registry.npmjs.org/detect-libc/-/detect-libc-2.1.2.tgz. Extracting by manifest.
377 silly tarball no local data for nanoid@https://registry.npmjs.org/nanoid/-/nanoid-3.3.19.tgz. Extracting by manifest.
378 silly tarball no local data for source-map-js@https://registry.npmjs.org/source-map-js/-/source-map-js-1.2.2.tgz. Extracting by manifest.
379 silly tarball no local data for tslib@https://registry.npmjs.org/tslib/-/tslib-2.8.1.tgz. Extracting by manifest.
380 silly tarball no local data for styled-jsx@https://registry.npmjs.org/styled-jsx/-/styled-jsx-5.1.6.tgz. Extracting by manifest.
381 silly tarball no local data for sharp@https://registry.npmjs.org/sharp/-/sharp-0.35.5.tgz. Extracting by manifest.
382 silly tarball no local data for postcss@https://registry.npmjs.org/postcss/-/postcss-8.5.23.tgz. Extracting by manifest.
383 silly tarball no local data for picocolors@https://registry.npmjs.org/picocolors/-/picocolors-1.1.1.tgz. Extracting by manifest.
384 silly tarball no local data for caniuse-lite@https://registry.npmjs.org/caniuse-lite/-/caniuse-lite-1.0.30001814.tgz. Extracting by manifest.
385 silly tarball no local data for @swc/helpers@https://registry.npmjs.org/@swc/helpers/-/helpers-0.5.23.tgz. Extracting by manifest.
386 silly tarball no local data for baseline-browser-mapping@https://registry.npmjs.org/baseline-browser-mapping/-/baseline-browser-mapping-2.11.27.tgz. Extracting by manifest.
387 silly tarball no local data for @next/env@https://registry.npmjs.org/@next/env/-/env-16.3.8.tgz. Extracting by manifest.
388 silly tarball no local data for csstype@https://registry.npmjs.org/csstype/-/csstype-3.2.3.tgz. Extracting by manifest.
389 silly tarball no local data for undici-types@https://registry.npmjs.org/undici-types/-/undici-types-7.24.6.tgz. Extracting by manifest.
390 silly tarball no local data for @next/swc-win32-x64-msvc@https://registry.npmjs.org/@next/swc-win32-x64-msvc/-/swc-win32-x64-msvc-16.3.8.tgz. Extracting by manifest.
391 silly tarball no local data for react-dom@https://registry.npmjs.org/react-dom/-/react-dom-19.3.0.tgz. Extracting by manifest.
392 silly tarball no local data for typescript@https://registry.npmjs.org/typescript/-/typescript-5.9.3.tgz. Extracting by manifest.
393 silly tarball no local data for @types/react-dom@https://registry.npmjs.org/@types/react-dom/-/react-dom-19.3.0.tgz. Extracting by manifest.
394 silly tarball no local data for react@https://registry.npmjs.org/react/-/react-19.3.0.tgz. Extracting by manifest.
395 silly tarball no local data for next@https://registry.npmjs.org/next/-/next-16.3.8.tgz. Extracting by manifest.
396 silly tarball no local data for @types/react@https://registry.npmjs.org/@types/react/-/react-19.3.0.tgz. Extracting by manifest.
397 silly tarball no local data for @types/node@https://registry.npmjs.org/@types/node/-/node-24.19.1.tgz. Extracting by manifest.
398 http fetch GET 200 https://registry.npmjs.org/client-only/-/client-only-0.0.1.tgz 73ms (cache miss)
399 http fetch GET 200 https://registry.npmjs.org/nanoid/-/nanoid-3.3.19.tgz 73ms (cache miss)
400 http fetch GET 200 https://registry.npmjs.org/detect-libc/-/detect-libc-2.1.2.tgz 73ms (cache miss)
401 http fetch GET 200 https://registry.npmjs.org/@img/colour/-/colour-1.1.0.tgz 109ms (cache miss)
402 http fetch GET 200 https://registry.npmjs.org/tslib/-/tslib-2.8.1.tgz 123ms (cache miss)
403 http fetch GET 200 https://registry.npmjs.org/baseline-browser-mapping/-/baseline-browser-mapping-2.11.27.tgz 123ms (cache miss)
404 http fetch GET 200 https://registry.npmjs.org/scheduler/-/scheduler-0.28.0.tgz 134ms (cache miss)
405 http fetch GET 200 https://registry.npmjs.org/picocolors/-/picocolors-1.1.1.tgz 137ms (cache miss)
406 http fetch GET 200 https://registry.npmjs.org/source-map-js/-/source-map-js-1.2.2.tgz 144ms (cache miss)
407 http fetch GET 200 https://registry.npmjs.org/@emnapi/runtime/-/runtime-1.11.3.tgz 172ms (cache miss)
408 http fetch GET 200 https://registry.npmjs.org/@types/react-dom/-/react-dom-19.3.0.tgz 175ms (cache miss)
409 http fetch GET 200 https://registry.npmjs.org/undici-types/-/undici-types-7.24.6.tgz 251ms (cache miss)
410 http fetch GET 200 https://registry.npmjs.org/react/-/react-19.3.0.tgz 280ms (cache miss)
411 http fetch GET 200 https://registry.npmjs.org/semver/-/semver-7.8.5.tgz 289ms (cache miss)
412 http fetch GET 200 https://registry.npmjs.org/@types/react/-/react-19.3.0.tgz 290ms (cache miss)
413 http fetch GET 200 https://registry.npmjs.org/postcss/-/postcss-8.5.23.tgz 328ms (cache miss)
414 http fetch GET 200 https://registry.npmjs.org/sharp/-/sharp-0.35.5.tgz 347ms (cache miss)
415 http fetch GET 200 https://registry.npmjs.org/csstype/-/csstype-3.2.3.tgz 438ms (cache miss)
416 http fetch GET 200 https://registry.npmjs.org/@types/node/-/node-24.19.1.tgz 441ms (cache miss)
417 http fetch GET 200 https://registry.npmjs.org/styled-jsx/-/styled-jsx-5.1.6.tgz 554ms (cache miss)
418 http fetch GET 200 https://registry.npmjs.org/@next/env/-/env-16.3.8.tgz 589ms (cache miss)
419 http fetch GET 200 https://registry.npmjs.org/@swc/helpers/-/helpers-0.5.23.tgz 800ms (cache miss)
420 http fetch GET 200 https://registry.npmjs.org/caniuse-lite/-/caniuse-lite-1.0.30001814.tgz 1261ms (cache miss)
421 http fetch GET 200 https://registry.npmjs.org/typescript/-/typescript-5.9.3.tgz 1348ms (cache miss)
422 http fetch GET 200 https://registry.npmjs.org/react-dom/-/react-dom-19.3.0.tgz 1438ms (cache miss)
423 http fetch GET 200 https://registry.npmjs.org/@img/sharp-wasm32/-/sharp-wasm32-0.35.5.tgz 2424ms (cache miss)
424 http fetch GET 200 https://registry.npmjs.org/@img/sharp-win32-x64/-/sharp-win32-x64-0.35.5.tgz 3020ms (cache miss)
425 http fetch GET 200 https://registry.npmjs.org/@next/swc-win32-x64-msvc/-/swc-win32-x64-msvc-16.3.8.tgz 8229ms (cache miss)
426 http fetch GET 200 https://registry.npmjs.org/next/-/next-16.3.8.tgz 12018ms (cache miss)
427 silly ADD node_modules/client-only
428 silly ADD node_modules/@emnapi/runtime
429 silly ADD node_modules/@img/sharp-wasm32
430 silly ADD node_modules/semver
431 silly ADD node_modules/detect-libc
432 silly ADD node_modules/@img/sharp-win32-x64
433 silly ADD node_modules/@img/colour
434 silly ADD node_modules/scheduler
435 silly ADD node_modules/source-map-js
436 silly ADD node_modules/picocolors
437 silly ADD node_modules/nanoid
438 silly ADD node_modules/tslib
439 silly ADD node_modules/styled-jsx
440 silly ADD node_modules/sharp
441 silly ADD node_modules/postcss
442 silly ADD node_modules/caniuse-lite
443 silly ADD node_modules/baseline-browser-mapping
444 silly ADD node_modules/@swc/helpers
445 silly ADD node_modules/@next/swc-win32-x64-msvc
446 silly ADD node_modules/@next/env
447 silly ADD node_modules/csstype
448 silly ADD node_modules/undici-types
449 silly ADD node_modules/typescript
450 silly ADD node_modules/react-dom
451 silly ADD node_modules/react
452 silly ADD node_modules/next
453 silly ADD node_modules/@types/react-dom
454 silly ADD node_modules/@types/react
455 silly ADD node_modules/@types/node
456 verbose cwd D:\Epoch_Final\frontend
457 verbose os Windows_NT 10.0.26200
458 verbose node v24.12.0
459 verbose npm  v11.6.2
460 notice
460 notice New minor version of npm available! 11.6.2 -> 11.21.0
460 notice Changelog: https://github.com/npm/cli/releases/tag/v11.21.0
460 notice To update run: npm install -g npm@11.21.0
460 notice  { force: true, Symbol(proc-log.meta): true }
461 verbose exit 0
462 info ok
